// Jest Snapshot v1, https://goo.gl/fbAQLP

exports[`Test of the header page test the page rendering 1`] = `
<header>
  <h1>
    Math Magician
  </h1>
  <nav>
    <a
      className="menu-item"
      href="#/"
      onClick={[Function]}
    >
      Home
    </a>
    <a
      className="menu-item"
      href="#/Calculator"
      onClick={[Function]}
    >
      Calculator
    </a>
    <a
      className="menu-item"
      href="#/Quote"
      onClick={[Function]}
    >
      Quote
    </a>
  </nav>
</header>
`;
